input_kind=frozen_development_architecture_position_0
private_input_bytes=458752
blob_sha256=0188b5c0f4ea08e81940aef1a8cb303c00b24e7f8b7730a64bf5080d4030353a
typed_root=8ee3eefa1027cc02d955b65f06840fe624ce07077f8d52f7e9e9f4eb309043b2
score_numerator=56835791
score_denominator=4
public_values_bytes=344
prover=local_cpu_explicit
[2m2026-08-23T22:21:22.934071Z[0m [32m INFO[0m initializing cpu prover
[2m2026-08-23T22:21:48.131266Z[0m [32m INFO[0m starting proof generation [3mmode[0m[2m=[0mCore
[2m2026-08-23T22:21:50.976760Z[0m [32m INFO[0m ┌╴model_binding
[2m2026-08-23T22:21:51.061775Z[0m [32m INFO[0m └╴5,376,112 cycles
[2m2026-08-23T22:21:51.061803Z[0m [32m INFO[0m ┌╴typed_root
[2m2026-08-23T22:21:51.335996Z[0m [32m INFO[0m └╴14,748,143 cycles
[2m2026-08-23T22:21:51.336048Z[0m [32m INFO[0m ┌╴reduction_and_inference
[2m2026-08-23T22:21:53.914565Z[0m [32m INFO[0m └╴182,849,120 cycles
[2m2026-08-23T22:21:53.914629Z[0m [32m INFO[0m ┌╴public_commitment
[2m2026-08-23T22:21:53.915046Z[0m [32m INFO[0m └╴25,012 cycles
[2m2026-08-24T01:25:16.380234Z[0m [32m INFO[0m [1mprove[0m: close [3mtime.busy[0m[2m=[0m30.7ms [3mtime.idle[0m[2m=[0m11008s [2m[3mmode[0m[2m=[0mCore[0m
[2m2026-08-24T01:25:18.970711Z[0m [31mERROR[0m committed value digest doesnt match
mode=core_stark_proof
core_shards=23
setup_elapsed_ms=1766
prove_elapsed_ms=11008249
verify_elapsed_ms=2584
verified_public_values=true
verified_proof=true
tampered_public_values_rejected_by_verifier=true
proof_file=<box path redacted>
proof_file_bytes=35253193
