2024 grid  4 full        : pooled AUROC 0.5089 [0.501,0.517] paired 240/448 ctrl 0.521; 20241219_044052 0.522; 20241219_044529 0.496; 20241219_050046 0.527; 20241219_050648 0.500; 20241219_051150 0.489; 20241219_051629 0.502; 20241219_052040 0.532
2024 grid  4 crop        : pooled AUROC 0.6373 [0.618,0.659] paired 346/448 ctrl 0.510; 20241219_044052 0.664; 20241219_044529 0.625; 20241219_050046 0.688; 20241219_050648 0.594; 20241219_051150 0.627; 20241219_051629 0.618; 20241219_052040 0.647
2024 grid  4 crop_bgr    : pooled AUROC 0.5535 [0.533,0.575] paired 271/448 ctrl 0.510; 20241219_044052 0.575; 20241219_044529 0.558; 20241219_050046 0.617; 20241219_050648 0.483; 20241219_051150 0.565; 20241219_051629 0.516; 20241219_052040 0.556
2024 grid  4 export75    : pooled AUROC 0.5291 [0.519,0.540] paired 289/448 ctrl 0.514; 20241219_044052 0.552; 20241219_044529 0.515; 20241219_050046 0.557; 20241219_050648 0.500; 20241219_051150 0.512; 20241219_051629 0.521; 20241219_052040 0.538
2024 grid  4 export75_bgr: pooled AUROC 0.5125 [0.502,0.523] paired 251/448 ctrl 0.513; 20241219_044052 0.527; 20241219_044529 0.510; 20241219_050046 0.548; 20241219_050648 0.480; 20241219_051150 0.496; 20241219_051629 0.505; 20241219_052040 0.519
2024 grid  8 full        : pooled AUROC 0.5308 [0.519,0.545] paired 273/448 ctrl 0.521; 20241219_044052 0.538; 20241219_044529 0.540; 20241219_050046 0.518; 20241219_050648 0.511; 20241219_051150 0.552; 20241219_051629 0.527; 20241219_052040 0.541
2024 grid  8 crop        : pooled AUROC 0.8886 [0.872,0.907] paired 433/448 ctrl 0.516; 20241219_044052 0.852; 20241219_044529 0.915; 20241219_050046 0.927; 20241219_050648 0.901; 20241219_051150 0.835; 20241219_051629 0.882; 20241219_052040 0.910
2024 grid  8 crop_bgr    : pooled AUROC 0.6651 [0.643,0.690] paired 346/448 ctrl 0.503; 20241219_044052 0.669; 20241219_044529 0.667; 20241219_050046 0.720; 20241219_050648 0.638; 20241219_051150 0.645; 20241219_051629 0.677; 20241219_052040 0.647
2024 grid  8 export75    : pooled AUROC 0.5665 [0.551,0.585] paired 303/448 ctrl 0.505; 20241219_044052 0.573; 20241219_044529 0.552; 20241219_050046 0.623; 20241219_050648 0.520; 20241219_051150 0.565; 20241219_051629 0.558; 20241219_052040 0.577
2024 grid  8 export75_bgr: pooled AUROC 0.5283 [0.512,0.545] paired 261/448 ctrl 0.496; 20241219_044052 0.545; 20241219_044529 0.505; 20241219_050046 0.583; 20241219_050648 0.463; 20241219_051150 0.538; 20241219_051629 0.522; 20241219_052040 0.538
2024 grid 16 full        : pooled AUROC 0.5608 [0.542,0.583] paired 274/448 ctrl 0.507; 20241219_044052 0.561; 20241219_044529 0.582; 20241219_050046 0.528; 20241219_050648 0.563; 20241219_051150 0.556; 20241219_051629 0.568; 20241219_052040 0.576
2024 grid 16 crop        : pooled AUROC 0.9988 [0.998,1.000] paired 448/448 ctrl 0.517; 20241219_044052 0.990; 20241219_044529 1.000; 20241219_050046 1.000; 20241219_050648 1.000; 20241219_051150 0.999; 20241219_051629 1.000; 20241219_052040 1.000
2024 grid 16 crop_bgr    : pooled AUROC 0.8942 [0.877,0.913] paired 424/448 ctrl 0.505; 20241219_044052 0.833; 20241219_044529 0.913; 20241219_050046 0.933; 20241219_050648 0.893; 20241219_051150 0.855; 20241219_051629 0.897; 20241219_052040 0.926
2024 grid 16 export75    : pooled AUROC 0.6653 [0.646,0.687] paired 334/448 ctrl 0.521; 20241219_044052 0.637; 20241219_044529 0.666; 20241219_050046 0.658; 20241219_050648 0.679; 20241219_051150 0.668; 20241219_051629 0.676; 20241219_052040 0.674
2024 grid 16 export75_bgr: pooled AUROC 0.5680 [0.547,0.589] paired 284/448 ctrl 0.509; 20241219_044052 0.539; 20241219_044529 0.533; 20241219_050046 0.563; 20241219_050648 0.587; 20241219_051150 0.602; 20241219_051629 0.580; 20241219_052040 0.587
2024 grid 32 full        : pooled AUROC 0.5665 [0.546,0.586] paired 267/448 ctrl 0.490; 20241219_044052 0.574; 20241219_044529 0.566; 20241219_050046 0.553; 20241219_050648 0.560; 20241219_051150 0.566; 20241219_051629 0.527; 20241219_052040 0.623
2024 grid 32 crop        : pooled AUROC 1.0000 [1.000,1.000] paired 448/448 ctrl 0.525; 20241219_044052 1.000; 20241219_044529 1.000; 20241219_050046 1.000; 20241219_050648 1.000; 20241219_051150 1.000; 20241219_051629 1.000; 20241219_052040 1.000
2024 grid 32 crop_bgr    : pooled AUROC 0.9769 [0.968,0.984] paired 444/448 ctrl 0.517; 20241219_044052 0.964; 20241219_044529 0.990; 20241219_050046 0.998; 20241219_050648 0.984; 20241219_051150 0.945; 20241219_051629 0.959; 20241219_052040 0.990
2024 grid 32 export75    : pooled AUROC 0.6956 [0.673,0.721] paired 353/448 ctrl 0.535; 20241219_044052 0.679; 20241219_044529 0.729; 20241219_050046 0.751; 20241219_050648 0.688; 20241219_051150 0.646; 20241219_051629 0.655; 20241219_052040 0.745
2024 grid 32 export75_bgr: pooled AUROC 0.5790 [0.556,0.604] paired 296/448 ctrl 0.508; 20241219_044052 0.605; 20241219_044529 0.573; 20241219_050046 0.614; 20241219_050648 0.570; 20241219_051150 0.545; 20241219_051629 0.545; 20241219_052040 0.610
2024 grid 64 full        : pooled AUROC 0.5781 [0.556,0.601] paired 276/448 ctrl 0.488; 20241219_044052 0.601; 20241219_044529 0.556; 20241219_050046 0.552; 20241219_050648 0.619; 20241219_051150 0.575; 20241219_051629 0.562; 20241219_052040 0.591
2024 grid 64 crop        : pooled AUROC 1.0000 [1.000,1.000] paired 448/448 ctrl 0.514; 20241219_044052 1.000; 20241219_044529 1.000; 20241219_050046 1.000; 20241219_050648 1.000; 20241219_051150 1.000; 20241219_051629 1.000; 20241219_052040 1.000
2024 grid 64 crop_bgr    : pooled AUROC 0.9847 [0.977,0.991] paired 443/448 ctrl 0.506; 20241219_044052 0.949; 20241219_044529 0.998; 20241219_050046 0.999; 20241219_050648 0.998; 20241219_051150 0.962; 20241219_051629 0.988; 20241219_052040 0.997
2024 grid 64 export75    : pooled AUROC 0.6791 [0.652,0.708] paired 341/448 ctrl 0.512; 20241219_044052 0.654; 20241219_044529 0.701; 20241219_050046 0.729; 20241219_050648 0.674; 20241219_051150 0.628; 20241219_051629 0.686; 20241219_052040 0.687
2024 grid 64 export75_bgr: pooled AUROC 0.5684 [0.544,0.593] paired 277/448 ctrl 0.497; 20241219_044052 0.569; 20241219_044529 0.560; 20241219_050046 0.606; 20241219_050648 0.580; 20241219_051150 0.548; 20241219_051629 0.565; 20241219_052040 0.562
orientation: {'20241219_044052': {'chosen': 0, 'calib_frames': 4, 'corr_grid8_crop': {0: 0.1078517293540724, 180: 0.020405724433677164}}, '20241219_044529': {'chosen': 0, 'calib_frames': 4, 'corr_grid8_crop': {0: 0.1139556487225896, 180: -0.009185054568811944}}, '20241219_050046': {'chosen': 0, 'calib_frames': 4, 'corr_grid8_crop': {0: 0.13125858917609012, 180: -0.03808585577206549}}, '20241219_050648': {'chosen': 0, 'calib_frames': 4, 'corr_grid8_crop': {0: 0.25336832649680485, 180: 0.06488406474370087}}, '20241219_051150': {'chosen': 0, 'calib_frames': 4, 'corr_grid8_crop': {0: 0.17712045662957093, 180: 0.027711585440246114}}, '20241219_051629': {'chosen': 0, 'calib_frames': 4, 'corr_grid8_crop': {0: 0.05041587953486632, 180: -0.030759828510765183}}, '20241219_052040': {'chosen': 0, 'calib_frames': 4, 'corr_grid8_crop': {0: 0.11812618742332978, 180: 0.03305062812885713}}}
written train_free_coupling_old_sessions/results/2024_results.json
