input_kind=frozen_development_pose_evaluation_row_52
input_row_index=52
source_role=pose_evaluation_development
true_class_id_diagnostic_only=0
private_input_bytes=262656
private_input_layout=camera_uint8_4x256x256_then_16_emission_leaf_hashes
blob_sha256=c1f16af543f1140dc98944c0343955603fc38f25519784a33c8ff7c34f468d68
typed_context=9d99a1f294eb4e7d1d8b87e21498cf1b598354a9f79b130a227fe6621d794789
typed_root=efd35d054df639c3b07acff6ebab5d2ebec59a85ed0dcde5c0e99aa95006d395
predicted_class_id=1
saturation_count=0
integer_logits_le_i16_csv=8403,8677,184,-1435,6346,-4488,-1564,2047,2253,413,583
public_values_bytes=490
prover=local_cpu_explicit
mode=execute_only
model_binding_span_cycles=795109
typed_pair_camera_membership_span_cycles=8480000
reduction_and_pose_inference_span_cycles=7292310
public_commitment_span_cycles=36964
total_instruction_count=16611240
total_syscall_count=0
host_elapsed_ms=1143
verified_public_values=true
proof_generated=false
