[int16] calibrated on 15 rows (7 august) in 36.6s; scale map 188 tensors (15 inherited); bounds i64-safe: True
[int16 d2,v10   1/37] d2 1328: int correct 0.012147 (fp32 0.012132) wrong mean 0.031831 (5 offsets)  clips 0  (14s)
[int16 d2,v10   2/37] d2 1368: int correct 0.012145 (fp32 0.012136) wrong mean 0.031754 (5 offsets)  clips 0  (28s)
[int16 d2,v10   3/37] d2 1408: int correct 0.010936 (fp32 0.010925) wrong mean 0.032860 (5 offsets)  clips 0  (41s)
[int16 d2,v10   4/37] d2 1448: int correct 0.011894 (fp32 0.011887) wrong mean 0.034318 (5 offsets)  clips 0  (53s)
[int16 d2,v10   5/37] d2 1488: int correct 0.010338 (fp32 0.010331) wrong mean 0.034779 (5 offsets)  clips 0  (65s)
[int16 d2,v10   6/37] d2 1528: int correct 0.011165 (fp32 0.011155) wrong mean 0.032077 (5 offsets)  clips 0  (76s)
[int16 d2,v10   7/37] d2 1568: int correct 0.011746 (fp32 0.011736) wrong mean 0.033665 (5 offsets)  clips 0  (87s)
[int16 d2,v10   8/37] d2 1608: int correct 0.013056 (fp32 0.013053) wrong mean 0.034846 (5 offsets)  clips 0  (96s)
[int16 d2,v10   9/37] d2 1648: int correct 0.011993 (fp32 0.011990) wrong mean 0.035807 (5 offsets)  clips 0  (106s)
[int16 d2,v10  10/37] d2 2826: int correct 0.010345 (fp32 0.010336) wrong mean 0.030699 (5 offsets)  clips 0  (116s)
[int16 d2,v10  11/37] d2 2866: int correct 0.010828 (fp32 0.010819) wrong mean 0.034804 (5 offsets)  clips 0  (125s)
[int16 d2,v10  12/37] d2 2906: int correct 0.010147 (fp32 0.010142) wrong mean 0.033745 (5 offsets)  clips 0  (135s)
[int16 d2,v10  13/37] d2 2946: int correct 0.010787 (fp32 0.010776) wrong mean 0.033087 (5 offsets)  clips 0  (146s)
[int16 d2,v10  14/37] d2 2986: int correct 0.009717 (fp32 0.009703) wrong mean 0.030432 (5 offsets)  clips 0  (156s)
[int16 d2,v10  15/37] d2 3026: int correct 0.010971 (fp32 0.010964) wrong mean 0.033741 (5 offsets)  clips 0  (166s)
[int16 d2,v10  16/37] d2 3066: int correct 0.010826 (fp32 0.010818) wrong mean 0.033871 (5 offsets)  clips 0  (176s)
[int16 d2,v10  17/37] d2 3106: int correct 0.012838 (fp32 0.012826) wrong mean 0.035561 (5 offsets)  clips 0  (185s)
[int16 d2,v10  18/37] d2 3146: int correct 0.011503 (fp32 0.011492) wrong mean 0.033063 (5 offsets)  clips 0  (195s)
[int16 d2,v10  19/37] d2 4324: int correct 0.009932 (fp32 0.009922) wrong mean 0.032000 (5 offsets)  clips 0  (205s)
[int16 d2,v10  20/37] d2 4364: int correct 0.009679 (fp32 0.009672) wrong mean 0.032642 (5 offsets)  clips 0  (214s)
[int16 d2,v10  21/37] d2 4404: int correct 0.009778 (fp32 0.009763) wrong mean 0.031956 (5 offsets)  clips 0  (224s)
[int16 d2,v10  22/37] d2 4444: int correct 0.010237 (fp32 0.010223) wrong mean 0.033489 (5 offsets)  clips 0  (234s)
[int16 d2,v10  23/37] d2 4484: int correct 0.010771 (fp32 0.010754) wrong mean 0.035389 (5 offsets)  clips 0  (245s)
[int16 d2,v10  24/37] d2 4524: int correct 0.009492 (fp32 0.009476) wrong mean 0.031450 (5 offsets)  clips 0  (254s)
[int16 d2,v10  25/37] d2 4564: int correct 0.010003 (fp32 0.010000) wrong mean 0.031343 (5 offsets)  clips 0  (263s)
[int16 d2,v10  26/37] d2 4604: int correct 0.010193 (fp32 0.010187) wrong mean 0.031545 (5 offsets)  clips 0  (273s)
[int16 d2,v10  27/37] d2 4644: int correct 0.009142 (fp32 0.009127) wrong mean 0.031762 (5 offsets)  clips 0  (283s)
[int16 d2,v10  28/37] v10 1140: int correct 0.011851 (fp32 0.011838) wrong mean 0.036043 (5 offsets)  clips 0  (292s)
[int16 d2,v10  29/37] v10 1180: int correct 0.011578 (fp32 0.011577) wrong mean 0.036604 (5 offsets)  clips 0  (301s)
[int16 d2,v10  30/37] v10 1220: int correct 0.011888 (fp32 0.011877) wrong mean 0.033854 (5 offsets)  clips 0  (311s)
[int16 d2,v10  31/37] v10 1260: int correct 0.012732 (fp32 0.012726) wrong mean 0.037760 (5 offsets)  clips 0  (320s)
[int16 d2,v10  32/37] v10 1300: int correct 0.013231 (fp32 0.013234) wrong mean 0.037425 (5 offsets)  clips 0  (330s)
[int16 d2,v10  33/37] v10 2375: int correct 0.011919 (fp32 0.011910) wrong mean 0.034223 (5 offsets)  clips 0  (339s)
[int16 d2,v10  34/37] v10 2415: int correct 0.011628 (fp32 0.011627) wrong mean 0.034876 (5 offsets)  clips 0  (349s)
[int16 d2,v10  35/37] v10 2455: int correct 0.013853 (fp32 0.013840) wrong mean 0.038085 (5 offsets)  clips 0  (359s)
[int16 d2,v10  36/37] v10 2495: int correct 0.013275 (fp32 0.013270) wrong mean 0.035505 (5 offsets)  clips 0  (368s)
[int16 d2,v10  37/37] v10 2535: int correct 0.012417 (fp32 0.012405) wrong mean 0.036136 (5 offsets)  clips 0  (378s)
wrote oracle/final/agreement_int16.json (378s)
