[int8] calibrated on 15 rows (7 august) in 38.9s; scale map 188 tensors (15 inherited); bounds i64-safe: True
[int8 d2,v10   1/37] d2 1328: int correct 0.012482 (fp32 0.012132) wrong mean 0.032194 (5 offsets)  clips 0  (14s)
[int8 d2,v10   2/37] d2 1368: int correct 0.012598 (fp32 0.012136) wrong mean 0.032243 (5 offsets)  clips 0  (27s)
[int8 d2,v10   3/37] d2 1408: int correct 0.011240 (fp32 0.010925) wrong mean 0.033212 (5 offsets)  clips 0  (40s)
[int8 d2,v10   4/37] d2 1448: int correct 0.012411 (fp32 0.011887) wrong mean 0.034856 (5 offsets)  clips 0  (52s)
[int8 d2,v10   5/37] d2 1488: int correct 0.010745 (fp32 0.010331) wrong mean 0.035240 (5 offsets)  clips 0  (64s)
[int8 d2,v10   6/37] d2 1528: int correct 0.011571 (fp32 0.011155) wrong mean 0.032528 (5 offsets)  clips 0  (76s)
[int8 d2,v10   7/37] d2 1568: int correct 0.012093 (fp32 0.011736) wrong mean 0.034030 (5 offsets)  clips 0  (86s)
[int8 d2,v10   8/37] d2 1608: int correct 0.013619 (fp32 0.013053) wrong mean 0.035459 (5 offsets)  clips 0  (95s)
[int8 d2,v10   9/37] d2 1648: int correct 0.012509 (fp32 0.011990) wrong mean 0.036263 (5 offsets)  clips 0  (105s)
[int8 d2,v10  10/37] d2 2826: int correct 0.010743 (fp32 0.010336) wrong mean 0.031153 (5 offsets)  clips 0  (115s)
[int8 d2,v10  11/37] d2 2866: int correct 0.011278 (fp32 0.010819) wrong mean 0.035333 (5 offsets)  clips 0  (124s)
[int8 d2,v10  12/37] d2 2906: int correct 0.010542 (fp32 0.010142) wrong mean 0.034145 (5 offsets)  clips 0  (134s)
[int8 d2,v10  13/37] d2 2946: int correct 0.011204 (fp32 0.010776) wrong mean 0.033549 (5 offsets)  clips 0  (145s)
[int8 d2,v10  14/37] d2 2986: int correct 0.010124 (fp32 0.009703) wrong mean 0.030842 (5 offsets)  clips 0  (155s)
[int8 d2,v10  15/37] d2 3026: int correct 0.011422 (fp32 0.010964) wrong mean 0.034202 (5 offsets)  clips 0  (165s)
[int8 d2,v10  16/37] d2 3066: int correct 0.011204 (fp32 0.010818) wrong mean 0.034288 (5 offsets)  clips 0  (176s)
[int8 d2,v10  17/37] d2 3106: int correct 0.013365 (fp32 0.012826) wrong mean 0.036128 (5 offsets)  clips 0  (185s)
[int8 d2,v10  18/37] d2 3146: int correct 0.011968 (fp32 0.011492) wrong mean 0.033599 (5 offsets)  clips 0  (195s)
[int8 d2,v10  19/37] d2 4324: int correct 0.010335 (fp32 0.009922) wrong mean 0.032450 (5 offsets)  clips 0  (204s)
[int8 d2,v10  20/37] d2 4364: int correct 0.010154 (fp32 0.009672) wrong mean 0.033149 (5 offsets)  clips 0  (214s)
[int8 d2,v10  21/37] d2 4404: int correct 0.010089 (fp32 0.009763) wrong mean 0.032286 (5 offsets)  clips 0  (224s)
[int8 d2,v10  22/37] d2 4444: int correct 0.010719 (fp32 0.010223) wrong mean 0.034057 (5 offsets)  clips 0  (234s)
[int8 d2,v10  23/37] d2 4484: int correct 0.011198 (fp32 0.010754) wrong mean 0.035894 (5 offsets)  clips 0  (244s)
[int8 d2,v10  24/37] d2 4524: int correct 0.009831 (fp32 0.009476) wrong mean 0.031812 (5 offsets)  clips 0  (253s)
[int8 d2,v10  25/37] d2 4564: int correct 0.010509 (fp32 0.010000) wrong mean 0.031909 (5 offsets)  clips 0  (263s)
[int8 d2,v10  26/37] d2 4604: int correct 0.010572 (fp32 0.010187) wrong mean 0.031947 (5 offsets)  clips 0  (273s)
[int8 d2,v10  27/37] d2 4644: int correct 0.009651 (fp32 0.009127) wrong mean 0.032332 (5 offsets)  clips 0  (282s)
[int8 d2,v10  28/37] v10 1140: int correct 0.012203 (fp32 0.011838) wrong mean 0.036444 (5 offsets)  clips 0  (292s)
[int8 d2,v10  29/37] v10 1180: int correct 0.011957 (fp32 0.011577) wrong mean 0.037076 (5 offsets)  clips 0  (302s)
[int8 d2,v10  30/37] v10 1220: int correct 0.012171 (fp32 0.011877) wrong mean 0.034162 (5 offsets)  clips 0  (311s)
[int8 d2,v10  31/37] v10 1260: int correct 0.013191 (fp32 0.012726) wrong mean 0.038230 (5 offsets)  clips 0  (321s)
[int8 d2,v10  32/37] v10 1300: int correct 0.013660 (fp32 0.013234) wrong mean 0.037829 (5 offsets)  clips 0  (330s)
[int8 d2,v10  33/37] v10 2375: int correct 0.012295 (fp32 0.011910) wrong mean 0.034607 (5 offsets)  clips 0  (340s)
[int8 d2,v10  34/37] v10 2415: int correct 0.012008 (fp32 0.011627) wrong mean 0.035273 (5 offsets)  clips 0  (350s)
[int8 d2,v10  35/37] v10 2455: int correct 0.014365 (fp32 0.013840) wrong mean 0.038632 (5 offsets)  clips 0  (359s)
[int8 d2,v10  36/37] v10 2495: int correct 0.013731 (fp32 0.013270) wrong mean 0.035989 (5 offsets)  clips 0  (368s)
[int8 d2,v10  37/37] v10 2535: int correct 0.012835 (fp32 0.012405) wrong mean 0.036591 (5 offsets)  clips 0  (377s)
wrote oracle/final/agreement_int8.json (377s)
