ckpt g0e_armc_b16_96x112_cd0_aug_s20260908_24k.pt sha ok (c6955192067c), params 1114500, 37 protocol rows
[ 1/37] d2 1328: correct fp32 0.012132 em 0.012232 em2 0.012231 | wrong mean fp32 0.031833  (0s)
[ 2/37] d2 1368: correct fp32 0.012136 em 0.012227 em2 0.012202 | wrong mean fp32 0.031748  (0s)
[ 3/37] d2 1408: correct fp32 0.010925 em 0.011037 em2 0.011015 | wrong mean fp32 0.032853  (1s)
[ 4/37] d2 1448: correct fp32 0.011887 em 0.011985 em2 0.011971 | wrong mean fp32 0.034311  (1s)
[ 5/37] d2 1488: correct fp32 0.010331 em 0.010402 em2 0.010414 | wrong mean fp32 0.034778  (1s)
[ 6/37] d2 1528: correct fp32 0.011155 em 0.011227 em2 0.011240 | wrong mean fp32 0.032065  (1s)
[ 7/37] d2 1568: correct fp32 0.011736 em 0.011846 em2 0.011855 | wrong mean fp32 0.033654  (2s)
[ 8/37] d2 1608: correct fp32 0.013053 em 0.013154 em2 0.013160 | wrong mean fp32 0.034839  (2s)
[ 9/37] d2 1648: correct fp32 0.011990 em 0.012066 em2 0.012072 | wrong mean fp32 0.035804  (2s)
[10/37] d2 2826: correct fp32 0.010336 em 0.010434 em2 0.010426 | wrong mean fp32 0.030693  (2s)
[11/37] d2 2866: correct fp32 0.010819 em 0.010897 em2 0.010903 | wrong mean fp32 0.034799  (2s)
[12/37] d2 2906: correct fp32 0.010142 em 0.010219 em2 0.010209 | wrong mean fp32 0.033741  (3s)
[13/37] d2 2946: correct fp32 0.010776 em 0.010850 em2 0.010846 | wrong mean fp32 0.033086  (3s)
[14/37] d2 2986: correct fp32 0.009703 em 0.009782 em2 0.009774 | wrong mean fp32 0.030419  (3s)
[15/37] d2 3026: correct fp32 0.010964 em 0.011033 em2 0.011008 | wrong mean fp32 0.033732  (3s)
[16/37] d2 3066: correct fp32 0.010818 em 0.010882 em2 0.010903 | wrong mean fp32 0.033865  (3s)
[17/37] d2 3106: correct fp32 0.012826 em 0.012904 em2 0.012882 | wrong mean fp32 0.035556  (4s)
[18/37] d2 3146: correct fp32 0.011492 em 0.011587 em2 0.011574 | wrong mean fp32 0.033056  (4s)
[19/37] d2 4324: correct fp32 0.009922 em 0.010011 em2 0.010010 | wrong mean fp32 0.031995  (4s)
[20/37] d2 4364: correct fp32 0.009672 em 0.009743 em2 0.009747 | wrong mean fp32 0.032642  (4s)
[21/37] d2 4404: correct fp32 0.009763 em 0.009819 em2 0.009820 | wrong mean fp32 0.031954  (4s)
[22/37] d2 4444: correct fp32 0.010223 em 0.010282 em2 0.010275 | wrong mean fp32 0.033471  (5s)
[23/37] d2 4484: correct fp32 0.010754 em 0.010840 em2 0.010828 | wrong mean fp32 0.035386  (5s)
[24/37] d2 4524: correct fp32 0.009476 em 0.009546 em2 0.009558 | wrong mean fp32 0.031439  (5s)
[25/37] d2 4564: correct fp32 0.010000 em 0.010092 em2 0.010086 | wrong mean fp32 0.031351  (5s)
[26/37] d2 4604: correct fp32 0.010187 em 0.010280 em2 0.010266 | wrong mean fp32 0.031540  (5s)
[27/37] d2 4644: correct fp32 0.009127 em 0.009196 em2 0.009204 | wrong mean fp32 0.031754  (6s)
[28/37] v10 1140: correct fp32 0.011838 em 0.011912 em2 0.011940 | wrong mean fp32 0.036039  (6s)
[29/37] v10 1180: correct fp32 0.011577 em 0.011646 em2 0.011657 | wrong mean fp32 0.036598  (6s)
[30/37] v10 1220: correct fp32 0.011877 em 0.011962 em2 0.011965 | wrong mean fp32 0.033846  (6s)
[31/37] v10 1260: correct fp32 0.012726 em 0.012838 em2 0.012821 | wrong mean fp32 0.037745  (7s)
[32/37] v10 1300: correct fp32 0.013234 em 0.013317 em2 0.013319 | wrong mean fp32 0.037427  (7s)
[33/37] v10 2375: correct fp32 0.011910 em 0.011989 em2 0.011965 | wrong mean fp32 0.034210  (7s)
[34/37] v10 2415: correct fp32 0.011627 em 0.011710 em2 0.011708 | wrong mean fp32 0.034869  (7s)
[35/37] v10 2455: correct fp32 0.013840 em 0.013924 em2 0.013909 | wrong mean fp32 0.038080  (7s)
[36/37] v10 2495: correct fp32 0.013270 em 0.013356 em2 0.013358 | wrong mean fp32 0.035497  (8s)
[37/37] v10 2535: correct fp32 0.012405 em 0.012518 em2 0.012498 | wrong mean fp32 0.036132  (8s)
[august   1/112] row 600: correct fp32 0.006141 | wrong mean fp32 0.014925 (4 offsets)  (8s)
[august  17/112] row 616: correct fp32 0.006074 | wrong mean fp32 0.014835 (5 offsets)  (11s)
[august  33/112] row 632: correct fp32 0.007286 | wrong mean fp32 0.017892 (5 offsets)  (14s)
[august  49/112] row 648: correct fp32 0.007185 | wrong mean fp32 0.016813 (5 offsets)  (17s)
[august  65/112] row 664: correct fp32 0.007336 | wrong mean fp32 0.017083 (5 offsets)  (20s)
[august  81/112] row 680: correct fp32 0.007151 | wrong mean fp32 0.017299 (5 offsets)  (24s)
[august  97/112] row 696: correct fp32 0.006876 | wrong mean fp32 0.016532 (4 offsets)  (27s)
=== COARSE: pubproto 37-row means vs full-session reference means ===
d2_fp32          correct 0.010828 (ref all rows 0.011047)  delta 0.022223 (ref 0.022409)  paired 1.000
d2_bf16em        correct 0.010910 (ref all rows 0.011047)  delta 0.022224 (ref 0.022409)  paired 1.000
d2_bf16em_v2     correct 0.010907 (ref all rows 0.011047)  delta 0.022227 (ref 0.022409)  paired 1.000
v10_fp32         correct 0.012430 (ref all rows 0.012673)  delta 0.023614 (ref 0.023338)  paired 1.000
v10_bf16em       correct 0.012517 (ref all rows 0.012673)  delta 0.023614 (ref 0.023338)  paired 1.000
v10_bf16em_v2    correct 0.012514 (ref all rows 0.012673)  delta 0.023619 (ref 0.023338)  paired 1.000
bf16em vs fp32 relative: mean +3.331e-03 std 2.148e-03 max|.| 1.023e-02
bf16em_v2 vs fp32 relative: mean +3.283e-03 std 2.094e-03 max|.| 1.015e-02
wrote oracle/final/float_repro.json in 29s (112 august rows)
