scope            var           n    abs max abs median   rel max rel median signed mean       std
overall          fp32        222   2.14e-04   9.66e-05  1.10e-02   3.27e-03   -3.85e-03  2.02e-03
overall          bf16em      222   2.09e-04   3.07e-05  6.20e-03   1.13e-03   -5.39e-04  1.50e-03
overall          bf16em_v2   222   1.60e-04   3.17e-05  4.74e-03   1.14e-03   -5.86e-04  1.50e-03
session d2       fp32        162   1.96e-04   9.61e-05  1.10e-02   3.29e-03   -3.87e-03  2.05e-03
session d2       bf16em      162   2.09e-04   2.90e-05  6.20e-03   1.11e-03   -5.01e-04  1.55e-03
session d2       bf16em_v2   162   1.60e-04   3.12e-05  4.74e-03   1.15e-03   -5.66e-04  1.49e-03
session v10      fp32         60   2.14e-04   1.02e-04  9.32e-03   3.24e-03   -3.80e-03  1.91e-03
session v10      bf16em       60   1.01e-04   3.38e-05  3.12e-03   1.19e-03   -6.40e-04  1.37e-03
session v10      bf16em_v2    60   1.54e-04   3.24e-05  4.44e-03   1.09e-03   -6.40e-04  1.55e-03
offset correct   fp32         37   1.21e-04   8.42e-05  1.10e-02   7.59e-03   -7.57e-03  1.39e-03
offset correct   bf16em       37   4.25e-05   1.04e-05  4.09e-03   8.78e-04   -1.76e-04  1.72e-03
offset correct   bf16em_v2    37   4.91e-05   1.67e-05  3.76e-03   1.54e-03   -4.59e-04  1.82e-03
offset -2        fp32         37   1.76e-04   9.28e-05  4.85e-03   2.54e-03   -2.78e-03  1.03e-03
offset -2        bf16em       37   1.20e-04   3.78e-05  3.53e-03   1.14e-03   -1.85e-04  1.29e-03
offset -2        bf16em_v2    37   1.24e-04   3.61e-05  3.66e-03   1.11e-03   -3.06e-04  1.24e-03
offset +2        fp32         37   2.14e-04   1.07e-04  5.72e-03   3.09e-03   -3.26e-03  1.09e-03
offset +2        bf16em       37   2.09e-04   3.38e-05  6.20e-03   8.92e-04   -1.03e-03  1.51e-03
offset +2        bf16em_v2    37   1.60e-04   3.73e-05  4.74e-03   1.13e-03   -8.87e-04  1.60e-03
offset -15       fp32         37   1.77e-04   1.08e-04  5.20e-03   3.14e-03   -3.23e-03  9.57e-04
offset -15       bf16em       37   1.01e-04   3.08e-05  3.04e-03   9.88e-04   -5.88e-04  1.36e-03
offset -15       bf16em_v2    37   9.50e-05   2.99e-05  2.86e-03   8.34e-04   -3.48e-04  1.25e-03
offset +15       fp32         37   1.73e-04   1.13e-04  5.54e-03   3.61e-03   -3.27e-03  1.28e-03
offset +15       bf16em       37   1.15e-04   5.15e-05  3.24e-03   1.47e-03   -8.98e-04  1.42e-03
offset +15       bf16em_v2    37   1.54e-04   5.21e-05  4.44e-03   1.41e-03   -8.18e-04  1.59e-03
offset +30       fp32         37   1.89e-04   1.01e-04  5.37e-03   2.90e-03   -3.01e-03  9.69e-04
offset +30       bf16em       37   1.05e-04   3.65e-05  2.94e-03   1.12e-03   -3.57e-04  1.45e-03
offset +30       bf16em_v2    37   1.38e-04   4.34e-05  3.70e-03   1.12e-03   -6.98e-04  1.34e-03
reference on the 37 rows: paired 37/37, margin min 0.019623 median 0.022479
emulation variant closer to the evaluator: bf16em  {'variant': 'bf16em', 'rel_median': {'bf16em': 0.0011267853973550678, 'bf16em_v2': 0.0011446063211556813}, 'rel_signed_mean': {'bf16em': -0.0005386193109764765, 'bf16em_v2': -0.0005860671131484575}, 'rel_signed_std': {'bf16em': 0.001502972016900153, 'bf16em_v2': 0.0015041727822870479}}
wrote oracle/final/positive_control.json and filled oracle/final/float_repro.json reference fields
