kernels selftest PASS
[int16] calibrated on 15 rows (7 august) in 5.7s; scale map 188 tensors (15 inherited); bounds i64-safe: True
float64 mirror vs torch fp32 on d2 1328: max|diff| 1.149e-05 (rel to max|eps| 2.47e-06)
[int16] integer forward 1.3s; eps int vs float64 RMS diff 4.068e-03; score f64 0.012132 int 0.012147 rel +1.172e-03; clip events {}
  scale histogram {7: 1, 8: 1, 9: 22, 10: 26, 11: 89, 12: 38, 13: 6, 14: 5}; sources {'calibration': 171, 'fixed': 2, 'inherited': 15}
  bounds: conv acc max 353174814720 (39 bits), requant max 3812976885203206144 (62 bits), GN n max 32256, N bits 60, X^2 bits 99, affine bits 50, attention div bits 44, SSE 184712316364800
  op count: total 0.82985 GMAC (attention QK^T+AV 7.451 MMAC, tokens {'down_attns.3': 168, 'mid_attn': 42, 'up_attns.0': 168}); GN elements 3.285M, act elements 3.261M
tensor                            f         src  rel RMS dev maxabs f64
hint                             14       fixed    1.218e-05      1.000
hint_encoder.s0.0                12 calibration    1.207e-04      2.078
hint_encoder.s0.1                11 calibration    2.839e-04      4.777
hint_encoder.s0.gelu             11 calibration    3.341e-04      4.777
hint_encoder.s1.0                12 calibration    3.029e-04      2.645
hint_encoder.s1.1                11 calibration    4.918e-04      4.261
hint_encoder.s1.gelu             11 calibration    5.363e-04      4.261
hint_encoder.s2.0                11 calibration    4.044e-04      3.324
hint_encoder.s2.1                11 calibration    4.970e-04      3.601
hint_encoder.s2.gelu             11 calibration    5.795e-04      3.517
hint_encoder.s3.0                11 calibration    4.191e-04      5.116
hint_encoder.s3.1                11 calibration    5.580e-04      4.624
hint_encoder.s3.gelu             11 calibration    6.472e-04      4.624
in_conv                          11 calibration    1.297e-03      2.727
downs.0.0.norm1                  11 calibration    1.402e-03      3.626
downs.0.0.silu1                  12 calibration    1.426e-03      3.532
downs.0.0.conv1                  12 calibration    1.433e-03      2.258
downs.0.0.norm2                  12 calibration    1.454e-03      3.395
downs.0.0.silu2                  12 calibration    1.434e-03      3.285
downs.0.0.conv2                  13 calibration    4.042e-04      1.868
downs.0.0.res                    11 calibration    7.558e-04      3.540
downs.0.1.norm1                  11 calibration    1.686e-03      3.476
downs.0.1.silu1                  11 calibration    1.693e-03      3.372
downs.0.1.conv1                  12 calibration    9.499e-04      3.070
downs.0.1.norm2                  11 calibration    1.859e-03      3.653
downs.0.1.silu2                  12 calibration    1.867e-03      2.640
downs.0.1.conv2                  13 calibration    6.647e-04      1.313
downs.0.1.res                    11 calibration    6.164e-04      3.992
hint_up.0                        11   inherited    3.178e-04      4.777
adapters.0.conv                  14 calibration    9.107e-05      0.709
inject.0                         11 calibration    5.172e-04      4.317
pool.0                           11   inherited    3.277e-04      3.396
downs.1.0.norm1                  11 calibration    1.918e-03      3.799
downs.1.0.silu1                  11 calibration    1.895e-03      3.411
downs.1.0.conv1                  11 calibration    1.234e-03      3.117
downs.1.0.norm2                  11 calibration    1.780e-03      4.049
downs.1.0.silu2                  12 calibration    1.922e-03      2.774
downs.1.0.conv2                  12 calibration    1.297e-03      2.017
downs.1.0.skip                   12 calibration    3.687e-04      2.863
downs.1.0.res                    12 calibration    4.890e-04      2.758
downs.1.1.norm1                  11 calibration    1.697e-03      4.720
downs.1.1.silu1                  11 calibration    1.795e-03      4.678
downs.1.1.conv1                  11 calibration    1.208e-03      4.951
downs.1.1.norm2                  11 calibration    1.661e-03      5.838
downs.1.1.silu2                  11 calibration    1.800e-03      3.720
downs.1.1.conv2                  12 calibration    1.352e-03      2.446
downs.1.1.res                    11 calibration    5.466e-04      3.347
hint_up.1                        11   inherited    4.425e-04      3.683
adapters.1.conv                  13 calibration    4.128e-04      1.455
inject.1                         11 calibration    5.306e-04      3.545
pool.1                           11   inherited    4.082e-04      3.015
downs.2.0.norm1                  11 calibration    1.095e-03      4.720
downs.2.0.silu1                  11 calibration    1.151e-03      4.678
downs.2.0.conv1                  11 calibration    4.255e-04      4.491
downs.2.0.norm2                  11 calibration    5.115e-04      4.581
downs.2.0.silu2                  12 calibration    6.592e-04      2.663
downs.2.0.conv2                  12 calibration    4.025e-04      1.912
downs.2.0.skip                   13 calibration    4.575e-04      1.559
downs.2.0.res                    12 calibration    5.165e-04      2.051
downs.2.1.norm1                  11 calibration    6.790e-04      4.687
downs.2.1.silu1                  11 calibration    8.014e-04      2.971
downs.2.1.conv1                  11 calibration    4.156e-04      3.852
downs.2.1.norm2                  11 calibration    6.329e-04      4.276
downs.2.1.silu2                  11 calibration    8.682e-04      3.201
downs.2.1.conv2                  13 calibration    7.458e-04      1.415
downs.2.1.res                    12 calibration    5.835e-04      2.575
hint_up.2                        11   inherited    5.069e-04      3.310
adapters.2.conv                  13 calibration    3.861e-04      1.320
inject.2                         12 calibration    5.988e-04      2.652
pool.2                           12   inherited    5.007e-04      2.429
downs.3.0.norm1                  11 calibration    5.815e-04      5.534
downs.3.0.silu1                  11 calibration    6.925e-04      5.512
downs.3.0.conv1                  11 calibration    3.862e-04      4.307
downs.3.0.norm2                  11 calibration    5.913e-04      5.115
downs.3.0.silu2                  11 calibration    7.604e-04      5.084
downs.3.0.conv2                  12 calibration    6.001e-04      1.905
downs.3.0.res                    12 calibration    6.845e-04      2.576
downs.3.1.norm1                  11 calibration    7.240e-04      6.456
downs.3.1.silu1                  11 calibration    7.858e-04      6.445
downs.3.1.conv1                  11 calibration    5.579e-04      4.036
downs.3.1.norm2                  11 calibration    6.906e-04      4.940
downs.3.1.silu2                  11 calibration    8.432e-04      4.805
downs.3.1.conv2                  12 calibration    7.069e-04      2.097
downs.3.1.res                    11 calibration    8.767e-04      2.794
down_attns.3.norm                11 calibration    8.381e-04      5.131
down_attns.3.qkv                 11 calibration    8.397e-04      4.170
down_attns.3.attn                11   inherited    1.422e-03      1.263
down_attns.3.proj                14 calibration    9.446e-04      0.492
down_attns.3.res                 12 calibration    9.447e-04      2.752
hint_up.3                        11   inherited    6.435e-04      4.113
adapters.3.conv                  14 calibration    4.738e-04      0.839
inject.3                         12 calibration    9.775e-04      2.820
pool.3                           12   inherited    1.069e-03      1.892
mid_a.norm1                      11 calibration    7.462e-04      5.171
mid_a.silu1                      11 calibration    8.211e-04      5.142
mid_a.conv1                      12 calibration    5.364e-04      2.719
mid_a.norm2                      11 calibration    6.466e-04      5.465
mid_a.silu2                      11 calibration    7.230e-04      5.442
mid_a.conv2                      12 calibration    5.483e-04      2.847
mid_a.res                        12 calibration    8.540e-04      2.835
mid_attn.norm                    11 calibration    6.656e-04      4.839
mid_attn.qkv                     12 calibration    6.356e-04      2.810
mid_attn.attn                    12   inherited    9.059e-04      1.031
mid_attn.proj                    14 calibration    7.030e-04      0.540
mid_attn.res                     12 calibration    8.702e-04      2.926
mid_b.norm1                      11 calibration    6.794e-04      4.623
mid_b.silu1                      11 calibration    6.876e-04      4.578
mid_b.conv1                      11 calibration    5.283e-04      3.738
mid_b.norm2                      11 calibration    6.205e-04      6.430
mid_b.silu2                      11 calibration    5.912e-04      6.420
mid_b.conv2                      11 calibration    4.084e-04      5.854
mid_b.res                        11 calibration    6.768e-04      7.322
up.0                             11   inherited    8.708e-04      3.529
cat.0                            12 calibration    9.129e-04      3.529
ups.0.0.norm1                    11 calibration    7.169e-04      5.531
ups.0.0.silu1                    11 calibration    7.694e-04      5.509
ups.0.0.conv1                    10 calibration    5.370e-04      7.672
ups.0.0.norm2                    10 calibration    7.515e-04      6.666
ups.0.0.silu2                    10 calibration    9.838e-04      6.657
ups.0.0.conv2                    12 calibration    7.858e-04      2.518
ups.0.0.skip                     12 calibration    7.489e-04      2.292
ups.0.0.res                      11 calibration    7.328e-04      3.277
ups.0.1.norm1                    10 calibration    8.465e-04      6.183
ups.0.1.silu1                    10 calibration    9.767e-04      6.170
ups.0.1.conv1                    11 calibration    7.387e-04      3.176
ups.0.1.norm2                    10 calibration    9.440e-04      6.133
ups.0.1.silu2                    11 calibration    9.570e-04      6.052
ups.0.1.conv2                    11 calibration    7.308e-04      3.139
ups.0.1.res                      11 calibration    6.278e-04      5.757
up_attns.0.norm                  10 calibration    7.772e-04      6.129
up_attns.0.qkv                   11 calibration    8.157e-04      4.207
up_attns.0.attn                  11   inherited    1.344e-03      2.710
up_attns.0.proj                  12 calibration    1.018e-03      1.224
up_attns.0.res                   11 calibration    6.716e-04      5.745
up.1                             11   inherited    6.813e-04      4.330
cat.1                            11 calibration    6.897e-04      4.330
ups.1.0.norm1                    10 calibration    7.465e-04      6.670
ups.1.0.silu1                    10 calibration    9.826e-04      6.662
ups.1.0.conv1                    10 calibration    6.227e-04      6.556
ups.1.0.norm2                    10 calibration    8.817e-04      8.968
ups.1.0.silu2                    10 calibration    1.234e-03      8.758
ups.1.0.conv2                    11 calibration    9.422e-04      4.110
ups.1.0.skip                     12 calibration    4.932e-04      2.341
ups.1.0.res                      11 calibration    5.870e-04      4.876
ups.1.1.norm1                    10 calibration    1.037e-03     11.749
ups.1.1.silu1                    10 calibration    1.184e-03     11.749
ups.1.1.conv1                    10 calibration    9.891e-04      8.950
ups.1.1.norm2                     9 calibration    1.399e-03     15.088
ups.1.1.silu2                    10 calibration    1.921e-03     10.320
ups.1.1.conv2                    11 calibration    1.553e-03      4.100
ups.1.1.res                      10 calibration    8.365e-04      8.661
up.2                             10   inherited    7.334e-04      7.487
cat.2                            10 calibration    7.123e-04      7.487
ups.2.0.norm1                     9 calibration    1.243e-03     19.743
ups.2.0.silu1                     9 calibration    1.710e-03     19.743
ups.2.0.conv1                     9 calibration    1.166e-03     17.686
ups.2.0.norm2                     9 calibration    1.934e-03     22.749
ups.2.0.silu2                     9 calibration    1.991e-03     22.749
ups.2.0.conv2                    10 calibration    2.239e-03     10.580
ups.2.0.skip                     11 calibration    3.807e-04      4.220
ups.2.0.res                      10 calibration    8.329e-04     12.351
ups.2.1.norm1                     9 calibration    2.386e-03     24.036
ups.2.1.silu1                     9 calibration    2.118e-03     24.036
ups.2.1.conv1                     8 calibration    1.569e-03     32.520
ups.2.1.norm2                     9 calibration    2.176e-03     26.620
ups.2.1.silu2                     9 calibration    2.404e-03     26.620
ups.2.1.conv2                    10 calibration    2.809e-03     12.985
ups.2.1.res                       9 calibration    1.303e-03     17.315
up.3                              9   inherited    1.154e-03     16.797
cat.3                             9 calibration    9.936e-04     16.797
ups.3.0.norm1                     9 calibration    1.395e-03     26.442
ups.3.0.silu1                     9 calibration    1.551e-03     20.192
ups.3.0.conv1                     9 calibration    1.108e-03     26.584
ups.3.0.norm2                     9 calibration    2.168e-03     23.442
ups.3.0.silu2                     9 calibration    2.933e-03     22.961
ups.3.0.conv2                    10 calibration    3.641e-03     10.346
ups.3.0.skip                     10 calibration    1.451e-03      8.254
ups.3.0.res                      10 calibration    1.843e-03     11.872
ups.3.1.norm1                     9 calibration    2.765e-03     26.585
ups.3.1.silu1                     9 calibration    2.603e-03     26.585
ups.3.1.conv1                     7 calibration    9.507e-04     70.727
ups.3.1.norm2                     9 calibration    1.339e-03     21.369
ups.3.1.silu2                     9 calibration    1.408e-03     21.369
ups.3.1.conv2                    10 calibration    1.955e-03     11.972
ups.3.1.res                      12 calibration    2.262e-03      3.398
out_norm                         11 calibration    4.802e-03      6.959
out_silu                         11 calibration    4.523e-03      6.953
out_conv                         12       fixed    4.097e-03      4.653
