input_kind=frozen_development_architecture_position_0
private_input_bytes=458752
blob_sha256=0188b5c0f4ea08e81940aef1a8cb303c00b24e7f8b7730a64bf5080d4030353a
typed_root=8ee3eefa1027cc02d955b65f06840fe624ce07077f8d52f7e9e9f4eb309043b2
score_numerator=56835791
score_denominator=4
public_values_bytes=344
prover=local_cpu_explicit
[2m2026-08-23T22:17:28.929059Z[0m [32m INFO[0m initializing cpu prover
[2m2026-08-23T22:17:52.386607Z[0m [32m INFO[0m ┌╴model_binding
[2m2026-08-23T22:17:52.482740Z[0m [32m INFO[0m └╴5,376,112 cycles
[2m2026-08-23T22:17:52.482811Z[0m [32m INFO[0m ┌╴typed_root
[2m2026-08-23T22:17:52.779614Z[0m [32m INFO[0m └╴14,748,143 cycles
[2m2026-08-23T22:17:52.779673Z[0m [32m INFO[0m ┌╴reduction_and_inference
[2m2026-08-23T22:17:55.391258Z[0m [32m INFO[0m └╴182,849,120 cycles
[2m2026-08-23T22:17:55.391342Z[0m [32m INFO[0m ┌╴public_commitment
[2m2026-08-23T22:17:55.391954Z[0m [32m INFO[0m └╴25,012 cycles
[2m2026-08-23T22:17:55.393995Z[0m [32m INFO[0m public_value_stream: [1, 32, 2, 4, 3, 0, 0, 0, 207, 62, 99, 3, 0, 0, 0, 0, 4, 0, 0, 0, 0, 0, 0, 0, 157, 153, 161, 242, 148, 235, 78, 125, 29, 139, 135, 226, 20, 152, 207, 27, 89, 131, 84, 169, 247, 155, 19, 10, 34, 127, 230, 98, 29, 121, 71, 137, 142, 227, 238, 250, 16, 39, 204, 2, 217, 85, 182, 95, 6, 132, 15, 230, 36, 206, 7, 7, 127, 141, 82, 247, 233, 233, 244, 235, 48, 144, 67, 178, 1, 136, 181, 192, 244, 234, 8, 232, 25, 64, 174, 241, 168, 203, 48, 60, 0, 178, 78, 127, 139, 119, 48, 166, 75, 245, 8, 13, 64, 48, 53, 58, 10, 44, 190, 105, 146, 225, 241, 240, 145, 27, 122, 182, 224, 145, 132, 188, 150, 64, 141, 218, 6, 132, 101, 126, 198, 192, 162, 17, 37, 48, 82, 144, 144, 120, 121, 210, 237, 197, 185, 2, 221, 121, 197, 122, 73, 27, 179, 21, 249, 0, 62, 100, 9, 96, 46, 95, 168, 198, 246, 52, 228, 229, 63, 226, 149, 230, 105, 116, 90, 56, 9, 57, 31, 77, 185, 218, 117, 173, 245, 77, 42, 89, 116, 33, 180, 166, 111, 186, 2, 23, 249, 24, 255, 167, 6, 247, 247, 84, 190, 8, 139, 114, 83, 206, 109, 46, 72, 222, 159, 196, 41, 22, 126, 39, 223, 40, 186, 5, 236, 81, 78, 134, 161, 149, 120, 17, 13, 132, 176, 10, 49, 205, 124, 61, 78, 179, 109, 47, 62, 87, 236, 150, 5, 176, 179, 96, 82, 100, 223, 145, 173, 73, 131, 120, 161, 248, 182, 216, 130, 142, 96, 54, 99, 28, 210, 125, 171, 54, 157, 68, 148, 197, 242, 37, 193, 59, 189, 217, 246, 64, 169, 6, 141, 222, 57, 159, 152, 228, 168, 84, 207, 207, 120, 75, 213, 115, 39, 251, 236, 74, 30, 165, 9, 2, 91, 121, 92, 99, 202, 135, 137, 187, 109, 104, 153, 254, 106, 66, 184, 49, 217, 205, 195, 71]
[2m2026-08-23T22:18:04.783254Z[0m [32m INFO[0m [1mexecute_program[0m: close [3mtime.busy[0m[2m=[0m6.68ms [3mtime.idle[0m[2m=[0m12.4s
mode=execute_only
model_binding_span_cycles=5376112
typed_root_span_cycles=14748143
reduction_and_inference_span_cycles=182849120
public_commitment_span_cycles=25012
total_instruction_count=203004795
total_syscall_count=0
host_elapsed_ms=12406
verified_public_values=true
proof_generated=false
