	Command being timed: "toolchain/circom-2.2.3-linux-amd64 n7_triplet.circom --r1cs --wasm --sym -l toolchain/node/node_modules -o build_fresh"
	User time (seconds): 1.58
	System time (seconds): 0.11
	Percent of CPU this job got: 100%
	Elapsed (wall clock) time (h:mm:ss or m:ss): 0:01.68
	Average shared text size (kbytes): 0
	Average unshared data size (kbytes): 0
	Average stack size (kbytes): 0
	Average total size (kbytes): 0
	Maximum resident set size (kbytes): 428192
	Average resident set size (kbytes): 0
	Major (requiring I/O) page faults: 0
	Minor (reclaiming a frame) page faults: 111607
	Voluntary context switches: 418
	Involuntary context switches: 35
	Swaps: 0
	File system inputs: 0
	File system outputs: 37880
	Socket messages sent: 0
	Socket messages received: 0
	Signals delivered: 0
	Page size (bytes): 4096
	Exit status: 0
