	Command being timed: "node toolchain/node/node_modules/snarkjs/build/cli.cjs plonk prove build/n7_triplet.zkey build/d2_main.wtns build_fresh/d2_reprove_proof.json build_fresh/d2_reprove_public.json"
	User time (seconds): 27.39
	System time (seconds): 0.81
	Percent of CPU this job got: 197%
	Elapsed (wall clock) time (h:mm:ss or m:ss): 0:14.25
	Average shared text size (kbytes): 0
	Average unshared data size (kbytes): 0
	Average stack size (kbytes): 0
	Average total size (kbytes): 0
	Maximum resident set size (kbytes): 1513892
	Average resident set size (kbytes): 0
	Major (requiring I/O) page faults: 0
	Minor (reclaiming a frame) page faults: 435708
	Voluntary context switches: 62466
	Involuntary context switches: 7909
	Swaps: 0
	File system inputs: 496
	File system outputs: 16
	Socket messages sent: 0
	Socket messages received: 0
	Signals delivered: 0
	Page size (bytes): 4096
	Exit status: 0
