CIRCUIT_SHA256SUMS: OK
PROOF_STAGE.json: OK
README.md: OK
RECEIPT_SCHEMA.json: OK
bin/zeebeam-trained-r32-ptq-v2-program.elf: OK
bin/zeebeam-trained-r32-ptq-v2-zkwrap: OK
prepare_groth16_circuits.py: OK
run_frozen_proof_stage.sh: OK
source/zeebeam-trained-r32-ptq-v2-sp1-v1-source.tar: OK
toolchain/cargo_prove_v6.4.0_linux_amd64.tar.gz: OK
toolchain/go1.27.0.linux-amd64.tar.gz: OK
  % Total    % Received % Xferd  Average Speed   Time    Time     Time  Current
                                 Dload  Upload   Total   Spent    Left  Speed

  0     0    0     0    0     0      0      0 --:--:-- --:--:-- --:--:--     0
  0 5924M    0 6493k    0     0  17.8M      0  0:05:31 --:--:--  0:05:31 17.8M
  1 5924M    1 68.7M    0     0  50.9M      0  0:01:56  0:00:01  0:01:55 50.9M
  1 5924M    1  112M    0     0  47.7M      0  0:02:04  0:00:02  0:02:02 47.7M
  2 5924M    2  147M    0     0  44.0M      0  0:02:14  0:00:03  0:02:11 44.0M
  3 5924M    3  187M    0     0  42.9M      0  0:02:17  0:00:04  0:02:13 42.9M
  3 5924M    3  230M    0     0  43.1M      0  0:02:17  0:00:05  0:02:12 44.9M
  4 5924M    4  278M    0     0  43.8M      0  0:02:15  0:00:06  0:02:09 41.9M
  5 5924M    5  330M    0     0  44.9M      0  0:02:11  0:00:07  0:02:04 43.5M
  6 5924M    6  386M    0     0  46.2M      0  0:02:08  0:00:08  0:02:00 47.7M
  7 5924M    7  441M    0     0  47.2M      0  0:02:05  0:00:09  0:01:56 50.9M
  8 5924M    8  486M    0     0  47.0M      0  0:02:06  0:00:10  0:01:56 51.1M
  9 5924M    9  535M    0     0  47.2M      0  0:02:05  0:00:11  0:01:54 51.4M
  9 5924M    9  576M    0     0  46.6M      0  0:02:06  0:00:12  0:01:54 49.2M
 10 5924M   10  620M    0     0  46.4M      0  0:02:07  0:00:13  0:01:54 46.8M
 11 5924M   11  668M    0     0  46.6M      0  0:02:07  0:00:14  0:01:53 45.4M
 12 5924M   12  719M    0     0  46.9M      0  0:02:06  0:00:15  0:01:51 46.6M
 12 5924M   12  769M    0     0  47.0M      0  0:02:05  0:00:16  0:01:49 46.6M
 13 5924M   13  813M    0     0  46.9M      0  0:02:06  0:00:17  0:01:49 47.4M
 14 5924M   14  863M    0     0  47.0M      0  0:02:05  0:00:18  0:01:47 48.5M
 15 5924M   15  915M    0     0  47.2M      0  0:02:05  0:00:19  0:01:46 49.1M
 16 5924M   16  955M    0     0  46.9M      0  0:02:06  0:00:20  0:01:46 47.0M
 16 5924M   16  999M    0     0  46.8M      0  0:02:06  0:00:21  0:01:45 46.0M
 17 5924M   17 1047M    0     0  46.8M      0  0:02:06  0:00:22  0:01:44 46.6M
 18 5924M   18 1090M    0     0  46.6M      0  0:02:06  0:00:23  0:01:43 45.4M
 19 5924M   19 1132M    0     0  46.5M      0  0:02:07  0:00:24  0:01:43 43.5M
 19 5924M   19 1179M    0     0  46.5M      0  0:02:07  0:00:25  0:01:42 44.7M
 20 5924M   20 1227M    0     0  46.6M      0  0:02:07  0:00:26  0:01:41 45.7M
 21 5924M   21 1280M    0     0  46.8M      0  0:02:06  0:00:27  0:01:39 46.5M
 22 5924M   22 1336M    0     0  47.1M      0  0:02:05  0:00:28  0:01:37 49.2M
 23 5924M   23 1390M    0     0  47.3M      0  0:02:05  0:00:29  0:01:36 51.5M
 24 5924M   24 1437M    0     0  47.3M      0  0:02:05  0:00:30  0:01:35 51.6M
 25 5924M   25 1491M    0     0  47.5M      0  0:02:04  0:00:31  0:01:33 52.6M
 26 5924M   26 1547M    0     0  47.8M      0  0:02:03  0:00:32  0:01:31 53.3M
 26 5924M   26 1598M    0     0  47.9M      0  0:02:03  0:00:33  0:01:30 52.3M
 27 5924M   27 1643M    0     0  47.8M      0  0:02:03  0:00:34  0:01:29 50.5M
 28 5924M   28 1686M    0     0  47.7M      0  0:02:04  0:00:35  0:01:29 49.7M
 29 5924M   29 1725M    0     0  47.4M      0  0:02:04  0:00:36  0:01:28 46.7M
 29 5924M   29 1767M    0     0  47.3M      0  0:02:05  0:00:37  0:01:28 44.1M
 30 5924M   30 1808M    0     0  47.1M      0  0:02:05  0:00:38  0:01:27 42.1M
 31 5924M   31 1846M    0     0  46.9M      0  0:02:06  0:00:39  0:01:27 40.6M
 31 5924M   31 1888M    0     0  46.7M      0  0:02:06  0:00:40  0:01:26 40.3M
 32 5924M   32 1933M    0     0  46.7M      0  0:02:06  0:00:41  0:01:25 41.5M
 33 5924M   33 1981M    0     0  46.8M      0  0:02:06  0:00:42  0:01:24 42.8M
 34 5924M   34 2035M    0     0  46.9M      0  0:02:06  0:00:43  0:01:23 45.2M
 35 5924M   35 2092M    0     0  47.1M      0  0:02:05  0:00:44  0:01:21 49.2M
 36 5924M   36 2152M    0     0  47.4M      0  0:02:04  0:00:45  0:01:19 52.9M
 37 5924M   37 2198M    0     0  47.4M      0  0:02:04  0:00:46  0:01:18 53.0M
 37 5924M   37 2250M    0     0  47.5M      0  0:02:04  0:00:47  0:01:17 53.7M
 38 5924M   38 2307M    0     0  47.7M      0  0:02:04  0:00:48  0:01:16 54.5M
 39 5924M   39 2354M    0     0  47.7M      0  0:02:04  0:00:49  0:01:15 52.3M
 40 5924M   40 2398M    0     0  47.6M      0  0:02:04  0:00:50  0:01:14 49.2M
 41 5924M   41 2449M    0     0  47.6M      0  0:02:04  0:00:51  0:01:13 50.1M
 42 5924M   42 2500M    0     0  47.7M      0  0:02:04  0:00:52  0:01:12 49.9M
 42 5924M   42 2542M    0     0  47.6M      0  0:02:04  0:00:53  0:01:11 46.9M
 43 5924M   43 2590M    0     0  47.6M      0  0:02:04  0:00:54  0:01:10 47.2M
 44 5924M   44 2641M    0     0  47.7M      0  0:02:04  0:00:55  0:01:09 48.4M
 45 5924M   45 2686M    0     0  47.6M      0  0:02:04  0:00:56  0:01:08 47.4M
 46 5924M   46 2728M    0     0  47.5M      0  0:02:04  0:00:57  0:01:07 45.5M
 46 5924M   46 2773M    0     0  47.5M      0  0:02:04  0:00:58  0:01:06 46.2M
 47 5924M   47 2823M    0     0  47.5M      0  0:02:04  0:00:59  0:01:05 46.6M
 48 5924M   48 2863M    0     0  47.4M      0  0:02:04  0:01:00  0:01:04 44.4M
 49 5924M   49 2907M    0     0  47.3M      0  0:02:05  0:01:01  0:01:04 44.1M
 49 5924M   49 2954M    0     0  47.3M      0  0:02:04  0:01:02  0:01:02 45.3M
 50 5924M   50 3005M    0     0  47.4M      0  0:02:04  0:01:03  0:01:01 46.3M
 51 5924M   51 3051M    0     0  47.4M      0  0:02:04  0:01:04  0:01:00 45.6M
 52 5924M   52 3095M    0     0  47.3M      0  0:02:05  0:01:05  0:01:00 46.3M
 53 5924M   53 3143M    0     0  47.3M      0  0:02:05  0:01:06  0:00:59 47.2M
 53 5924M   53 3193M    0     0  47.4M      0  0:02:04  0:01:07  0:00:57 47.7M
 54 5924M   54 3247M    0     0  47.5M      0  0:02:04  0:01:08  0:00:56 48.4M
 55 5924M   55 3303M    0     0  47.6M      0  0:02:04  0:01:09  0:00:55 50.4M
 56 5924M   56 3349M    0     0  47.6M      0  0:02:04  0:01:10  0:00:54 50.7M
 57 5924M   57 3399M    0     0  47.6M      0  0:02:04  0:01:11  0:00:53 51.3M
 58 5924M   58 3452M    0     0  47.7M      0  0:02:04  0:01:12  0:00:52 51.7M
 58 5924M   58 3494M    0     0  47.6M      0  0:02:04  0:01:13  0:00:51 49.3M
 59 5924M   59 3540M    0     0  47.6M      0  0:02:04  0:01:14  0:00:50 47.2M
 60 5924M   60 3577M    0     0  47.4M      0  0:02:04  0:01:15  0:00:49 45.7M
 61 5924M   61 3618M    0     0  47.3M      0  0:02:04  0:01:16  0:00:48 43.7M
 61 5924M   61 3662M    0     0  47.3M      0  0:02:05  0:01:17  0:00:48 41.9M
 62 5924M   62 3709M    0     0  47.3M      0  0:02:05  0:01:18  0:00:47 43.0M
 63 5924M   63 3758M    0     0  47.3M      0  0:02:05  0:01:19  0:00:46 43.7M
 64 5924M   64 3809M    0     0  47.4M      0  0:02:04  0:01:20  0:00:44 46.4M
 65 5924M   65 3853M    0     0  47.3M      0  0:02:05  0:01:21  0:00:44 47.0M
 65 5924M   65 3902M    0     0  47.3M      0  0:02:05  0:01:22  0:00:43 48.0M
 66 5924M   66 3950M    0     0  47.3M      0  0:02:04  0:01:23  0:00:41 48.2M
 67 5924M   67 3990M    0     0  47.3M      0  0:02:05  0:01:24  0:00:41 46.3M
 68 5924M   68 4035M    0     0  47.2M      0  0:02:05  0:01:25  0:00:40 45.0M
 68 5924M   68 4083M    0     0  47.2M      0  0:02:05  0:01:26  0:00:39 45.9M
 69 5924M   69 4128M    0     0  47.2M      0  0:02:05  0:01:27  0:00:38 45.2M
 70 5924M   70 4170M    0     0  47.2M      0  0:02:05  0:01:28  0:00:37 43.9M
 71 5924M   71 4216M    0     0  47.1M      0  0:02:05  0:01:29  0:00:36 45.2M
 72 5924M   72 4265M    0     0  47.2M      0  0:02:05  0:01:30  0:00:35 46.0M
 72 5924M   72 4316M    0     0  47.2M      0  0:02:05  0:01:31  0:00:34 46.5M
 73 5924M   73 4369M    0     0  47.3M      0  0:02:05  0:01:32  0:00:33 48.3M
 74 5924M   74 4414M    0     0  47.2M      0  0:02:05  0:01:33  0:00:32 48.8M
 75 5924M   75 4463M    0     0  47.3M      0  0:02:05  0:01:34  0:00:31 49.3M
 76 5924M   76 4513M    0     0  47.3M      0  0:02:05  0:01:35  0:00:30 49.5M
 77 5924M   77 4569M    0     0  47.4M      0  0:02:04  0:01:36  0:00:28 50.5M
 78 5924M   78 4621M    0     0  47.4M      0  0:02:04  0:01:37  0:00:27 50.3M
 78 5924M   78 4668M    0     0  47.4M      0  0:02:04  0:01:38  0:00:26 50.8M
 79 5924M   79 4714M    0     0  47.4M      0  0:02:04  0:01:39  0:00:25 50.1M
 80 5924M   80 4755M    0     0  47.3M      0  0:02:05  0:01:40  0:00:25 48.4M
 81 5924M   81 4799M    0     0  47.3M      0  0:02:05  0:01:41  0:00:24 46.1M
 81 5924M   81 4848M    0     0  47.3M      0  0:02:05  0:01:42  0:00:23 45.3M
 82 5924M   82 4896M    0     0  47.3M      0  0:02:05  0:01:43  0:00:22 45.4M
 83 5924M   83 4938M    0     0  47.3M      0  0:02:05  0:01:44  0:00:21 44.7M
 84 5924M   84 4984M    0     0  47.3M      0  0:02:05  0:01:45  0:00:20 45.7M
 84 5924M   84 5031M    0     0  47.3M      0  0:02:05  0:01:46  0:00:19 46.2M
 85 5924M   85 5082M    0     0  47.3M      0  0:02:05  0:01:47  0:00:18 46.9M
 86 5924M   86 5124M    0     0  47.2M      0  0:02:05  0:01:48  0:00:17 45.7M
 87 5924M   87 5170M    0     0  47.2M      0  0:02:05  0:01:49  0:00:16 46.5M
 88 5924M   88 5219M    0     0  47.2M      0  0:02:05  0:01:50  0:00:15 47.0M
 88 5924M   88 5271M    0     0  47.3M      0  0:02:05  0:01:51  0:00:14 48.1M
 89 5924M   89 5321M    0     0  47.3M      0  0:02:05  0:01:52  0:00:13 47.7M
 90 5924M   90 5366M    0     0  47.3M      0  0:02:05  0:01:53  0:00:12 48.4M
 91 5924M   91 5416M    0     0  47.3M      0  0:02:05  0:01:54  0:00:11 49.1M
 92 5924M   92 5466M    0     0  47.3M      0  0:02:05  0:01:55  0:00:10 49.4M
 93 5924M   93 5514M    0     0  47.3M      0  0:02:04  0:01:56  0:00:08 48.5M
 93 5924M   93 5557M    0     0  47.3M      0  0:02:05  0:01:57  0:00:08 47.1M
 94 5924M   94 5603M    0     0  47.3M      0  0:02:05  0:01:58  0:00:07 47.3M
 95 5924M   95 5655M    0     0  47.3M      0  0:02:05  0:01:59  0:00:06 47.6M
 96 5924M   96 5709M    0     0  47.4M      0  0:02:04  0:02:00  0:00:04 48.6M
 97 5924M   97 5766M    0     0  47.5M      0  0:02:04  0:02:01  0:00:03 50.3M
 98 5924M   98 5814M    0     0  47.5M      0  0:02:04  0:02:02  0:00:02 51.5M
 98 5924M   98 5864M    0     0  47.5M      0  0:02:04  0:02:03  0:00:01 52.1M
 99 5924M   99 5905M    0     0  47.4M      0  0:02:04  0:02:04 --:--:-- 50.1M
100 5924M  100 5924M    0     0  47.4M      0  0:02:04  0:02:04 --:--:-- 48.2M
Traceback (most recent call last):
  File "<box path redacted>", line 66, in <module>
    raise SystemExit(main())
                     ^^^^^^
  File "<box path redacted>", line 31, in main
    raise FileExistsError(f"refusing existing output directory: {output}")
FileExistsError: refusing existing output directory: <box path redacted>
